[33m❯[39m Building...
[31m✖[39m Building... [31m[FAILED: The service was stopped: write EPIPE][39m
F:\ZenFit\frontend\node_modules\rxjs\dist\cjs\internal\util\reportUnhandledError.js:13
            throw err;
            ^

Error: The service was stopped: write EPIPE
    at F:\ZenFit\frontend\node_modules\esbuild\lib\main.js:949:34
    at responseCallbacks.<computed> (F:\ZenFit\frontend\node_modules\esbuild\lib\main.js:603:9)
    at afterClose (F:\ZenFit\frontend\node_modules\esbuild\lib\main.js:594:28)
    at Object.callback (F:\ZenFit\frontend\node_modules\esbuild\lib\main.js:1986:18)
    at callback (node:internal/streams/writable:766:21)
    at onwriteError (node:internal/streams/writable:605:3)
    at process.processTicksAndRejections (node:internal/process/task_queues:92:21)

Node.js v22.20.0
